// Jest Snapshot v1, https://goo.gl/fbAQLP

exports[`LabVisitManagement should render correctly 1`] = `undefined`;
