// Jest Snapshot v1, https://goo.gl/fbAQLP

exports[`scalable renderEditorContent should render editor content 1`] = `
.c5 {
  font-family: Inter,sans-serif;
  font-size: 1rem;
  line-height: 1.5rem;
  font-weight: 400;
  font-style: normal;
  color: #474747;
  box-sizing: border-box;
  height: 3.5rem;
  width: 100%;
  margin: 0;
  padding: 1rem;
  background-color: #FFFFFF;
  border: 0.0625rem solid rgba(0,0,0,0.08);
  border-radius: 0.25rem;
  -webkit-transition: border 300ms cubic-bezier(0.45,0.05,0,1);
  transition: border 300ms cubic-bezier(0.45,0.05,0,1);
  caret-color: #4475E3;
}

.c5:hover:enabled {
  border-color: #2F65E0;
}

.c5:active:enabled,
.c5:focus-visible {
  outline: none;
  border-color: #4475E3;
}

.c5:disabled {
  color: rgba(0,0,0,0.38);
  border-color: transparent;
  background-color: #f8f8f8;
}

.c5::-webkit-input-placeholder {
  color: #808080;
}

.c5::-moz-placeholder {
  color: #808080;
}

.c5:-ms-input-placeholder {
  color: #808080;
}

.c5::placeholder {
  color: #808080;
}

.c5:disabled::-webkit-input-placeholder {
  color: #DBDBDB;
}

.c5:disabled::-moz-placeholder {
  color: #DBDBDB;
}

.c5:disabled:-ms-input-placeholder {
  color: #DBDBDB;
}

.c5:disabled::placeholder {
  color: #DBDBDB;
}

.c5:-webkit-autofill,
.c5:-webkit-autofill:hover,
.c5:-webkit-autofill:focus {
  border: 0.0625rem solid #4475E3;
  -webkit-transition: background-color 5000s ease-in-out 0s;
  transition: background-color 5000s ease-in-out 0s;
  background-color: #FFFFFF !important;
  background-image: unset !important;
  -webkit-text-fill-color: #838383;
}

.c5:-webkit-autofill:focus {
  border-color: #4475E3;
}

.c0 {
  display: -webkit-box;
  display: -webkit-flex;
  display: -ms-flexbox;
  display: flex;
  -webkit-flex-direction: column;
  -ms-flex-direction: column;
  flex-direction: column;
  gap: 1rem;
  padding: 0.625rem 0rem 0.5rem;
}

.c3 {
  display: grid;
  -webkit-align-items: center;
  -webkit-box-align: center;
  -ms-flex-align: center;
  align-items: center;
  gap: 1rem;
}

.c1 {
  display: -webkit-box;
  display: -webkit-flex;
  display: -ms-flexbox;
  display: flex;
  gap: 2rem;
}

.c1 > .c2:first-child {
  grid-template-columns: 7.5rem 5.75rem;
}

.c1 > .c2:last-child {
  grid-template-columns: 2.25rem 14.125rem;
}

.c4 {
  font-family: Inter,sans-serif;
  font-size: 0.875rem;
  line-height: 1.3125rem;
  font-weight: 400;
  font-style: normal;
  color: #474747;
}

@media screen and (min-width:64rem) {
  .c0 {
    padding-left: 0.5rem;
    margin-bottom: 0rem;
  }
}

@media screen and (min-width:90rem) {
  .c0 {
    padding: 0.625rem 0rem 0.5rem;
  }
}

@media screen and (min-width:64rem) {
  .c1 {
    gap: 2rem;
  }
}

@media screen and (min-width:90rem) {
  .c1 {
    gap: 2rem;
  }
}

@media screen and (min-width:64rem) {
  .c1 > .c2:first-child {
    grid-template-columns: 7.5rem 5.75rem;
  }
}

@media screen and (min-width:90rem) {
  .c1 > .c2:first-child {
    grid-template-columns: 7.5rem 5.75rem;
  }
}

<body>
  <div>
    <div
      class="c0"
    >
      <div
        class="c1"
      >
        <div
          class="c2 c3"
        >
          <div
            class="c4"
          >
            Minimum number
          </div>
          <input
            class="c5"
            data-testid="number-input"
            type="number"
            value="0"
          />
        </div>
        <div
          class="c2 c3"
        >
          <div
            class="c4"
          >
            Label
          </div>
          <input
            class="c5"
            data-testid="label-input"
            maxlength="20"
            value="Low Label"
          />
        </div>
      </div>
      <div
        class="c1"
      >
        <div
          class="c2 c3"
        >
          <div
            class="c4"
          >
            Maximum number
          </div>
          <input
            class="c5"
            data-testid="number-input"
            type="number"
            value="10"
          />
        </div>
        <div
          class="c2 c3"
        >
          <div
            class="c4"
          >
            Label
          </div>
          <input
            class="c5"
            data-testid="label-input"
            maxlength="20"
            value="High Label"
          />
        </div>
      </div>
    </div>
  </div>
</body>
`;
