// Jest Snapshot v1, https://goo.gl/fbAQLP

exports[`PrivateRoute should handle authorized 1`] = `
<body>
  <div />
</body>
`;
