// Jest Snapshot v1, https://goo.gl/fbAQLP

exports[`date-time renderEditorContent should render editor content 1`] = `
.c0 {
  height: 9.375rem;
}

.c1 {
  display: -webkit-box;
  display: -webkit-flex;
  display: -ms-flexbox;
  display: flex;
  -webkit-flex-direction: column;
  -ms-flex-direction: column;
  flex-direction: column;
  row-gap: 1rem;
}

.c6 {
  fill: #4475E3;
  cursor: pointer;
  opacity: 0;
  pointer-events: none;
}

.c5 {
  height: 3.5rem;
  width: 12.5rem;
  padding: 1rem;
  display: -webkit-box;
  display: -webkit-flex;
  display: -ms-flexbox;
  display: flex;
  -webkit-align-items: center;
  -webkit-box-align: center;
  -ms-flex-align: center;
  align-items: center;
  -webkit-box-pack: justify;
  -webkit-justify-content: space-between;
  -ms-flex-pack: justify;
  justify-content: space-between;
  background-color: #F7F8FA;
  border-radius: 0.25rem;
  border: 0.0625rem solid #F7F8FA;
  font-family: Inter,sans-serif;
  font-size: 1rem;
  line-height: 1.5rem;
  font-weight: 400;
  font-style: normal;
}

.c5 svg {
  fill: #808080;
}

.c2 {
  width: 100%;
  display: -webkit-box;
  display: -webkit-flex;
  display: -ms-flexbox;
  display: flex;
}

.c7 {
  -webkit-flex: 1;
  -ms-flex: 1;
  flex: 1;
}

.c3 {
  display: -webkit-box;
  display: -webkit-flex;
  display: -ms-flexbox;
  display: flex;
  -webkit-column-gap: 1rem;
  column-gap: 1rem;
  -webkit-align-items: center;
  -webkit-box-align: center;
  -ms-flex-align: center;
  align-items: center;
}

.c4 {
  display: -webkit-box;
  display: -webkit-flex;
  display: -ms-flexbox;
  display: flex;
  -webkit-column-gap: 1.5rem;
  column-gap: 1.5rem;
}

.c8 {
  margin-top: 2rem;
}

.c9 {
  display: -webkit-box;
  display: -webkit-flex;
  display: -ms-flexbox;
  display: flex;
  cursor: pointer;
}

.c10 {
  fill: #4475E3;
  margin-right: 0.625rem;
}

.c11 {
  font-family: Inter,sans-serif;
  font-size: 1rem;
  line-height: 1.5rem;
  font-weight: 600;
  font-style: normal;
  color: #4475E3;
}

<body>
  <div>
    <div
      class="c0"
    >
      <div
        class="c1"
      >
        <div
          class="c2"
        >
          <div
            class="c3"
          >
            <div
              class="c4"
            >
              <div
                class="c5"
              >
                Date
                <svg />
              </div>
            </div>
            <svg
              class="c6"
            />
          </div>
          <div
            class="c7"
          />
        </div>
      </div>
      <div
        class="c8"
      >
        <div
          class="c2"
        >
          <div
            class="c9"
            data-testid="date-time-options-add-row"
          >
            <svg
              class="c10"
            />
            <div
              class="c11"
            >
              Add 
              Time
            </div>
          </div>
          <div
            class="c7"
          />
        </div>
      </div>
    </div>
  </div>
</body>
`;
