// Jest Snapshot v1, https://goo.gl/fbAQLP

exports[`SwitchStudy should render 1`] = `
.c4 {
  position: absolute;
  will-change: opacity,transform;
  border-radius: 50%;
  -webkit-animation: bykygw 600ms cubic-bezier(0.4,0,0.2,1) forwards;
  animation: bykygw 600ms cubic-bezier(0.4,0,0.2,1) forwards;
  z-index: 0;
  background-color: #E3EAFB;
  pointer-events: none;
}

.c1 {
  position: relative;
  z-index: 0;
  display: -webkit-box !important;
  display: -webkit-flex !important;
  display: -ms-flexbox !important;
  display: flex !important;
  -webkit-align-items: center;
  -webkit-box-align: center;
  -ms-flex-align: center;
  align-items: center;
  -webkit-box-pack: center;
  -webkit-justify-content: center;
  -ms-flex-pack: center;
  justify-content: center;
  border-radius: 0.25rem;
  width: 5rem;
  white-space: nowrap;
  padding: 0;
  -webkit-transition-duration: 0;
  transition-duration: 0;
  -webkit-transition-property: background-color;
  transition-property: background-color;
  height: 3rem;
  border: none;
  background-color: transparent;
}

.c1 > div {
  font-family: Inter,sans-serif;
  font-size: 1rem;
  line-height: 1.5rem;
  font-weight: 600;
  font-style: normal;
}

.c1 > div svg {
  margin-right: 0.25rem;
}

.c1 > div {
  color: #4475E3;
}

.c1 > div svg {
  fill: #4475E3;
}

.c1:hover:enabled > div {
  color: #2F65E0;
}

.c1:hover:enabled > div svg {
  fill: #2F65E0;
}

.c1:hover:enabled:active > div {
  color: #2057D5;
}

.c1:hover:enabled:active > div svg {
  fill: #2057D5;
}

.c1:disabled > div {
  color: #B3C6F1;
}

.c1:disabled > div svg {
  fill: #B3C6F1;
}

.c1:focus-visible {
  outline: 0.125rem solid #C7D6F7;
}

.c1:focus-visible > div {
  color: #4475E3;
}

.c1:focus-visible > div svg {
  fill: #4475E3;
}

.c8 {
  position: relative;
  z-index: 0;
  display: -webkit-box !important;
  display: -webkit-flex !important;
  display: -ms-flexbox !important;
  display: flex !important;
  -webkit-align-items: center;
  -webkit-box-align: center;
  -ms-flex-align: center;
  align-items: center;
  -webkit-box-pack: center;
  -webkit-justify-content: center;
  -ms-flex-pack: center;
  justify-content: center;
  border-radius: 0.25rem;
  width: 15.375rem;
  white-space: nowrap;
  padding: 0;
  -webkit-transition-duration: 0;
  transition-duration: 0;
  -webkit-transition-property: background-color;
  transition-property: background-color;
  height: 3rem;
  border: none;
  background-color: transparent;
}

.c8:hover {
  cursor: pointer;
}

.c8 > div {
  font-family: Inter,sans-serif;
  font-size: 1rem;
  line-height: 1.5rem;
  font-weight: 600;
  font-style: normal;
}

.c8 > div svg {
  margin-right: 0.25rem;
}

.c8 > div {
  color: #4475E3;
}

.c8 > div svg {
  fill: #4475E3;
}

.c8:hover:enabled > div {
  color: #2F65E0;
}

.c8:hover:enabled > div svg {
  fill: #2F65E0;
}

.c8:hover:enabled:active > div {
  color: #2057D5;
}

.c8:hover:enabled:active > div svg {
  fill: #2057D5;
}

.c8:disabled > div {
  color: #B3C6F1;
}

.c8:disabled > div svg {
  fill: #B3C6F1;
}

.c8:focus-visible {
  outline: 0.125rem solid #C7D6F7;
}

.c8:focus-visible > div {
  color: #4475E3;
}

.c8:focus-visible > div svg {
  fill: #4475E3;
}

.c17 {
  position: relative;
  z-index: 0;
  display: -webkit-box !important;
  display: -webkit-flex !important;
  display: -ms-flexbox !important;
  display: flex !important;
  -webkit-align-items: center;
  -webkit-box-align: center;
  -ms-flex-align: center;
  align-items: center;
  -webkit-box-pack: center;
  -webkit-justify-content: center;
  -ms-flex-pack: center;
  justify-content: center;
  border-radius: 0.25rem;
  width: 5rem;
  white-space: nowrap;
  padding: 0;
  -webkit-transition-duration: 0;
  transition-duration: 0;
  -webkit-transition-property: background-color;
  transition-property: background-color;
  height: 3rem;
  border: none;
  background-color: transparent;
}

.c17:hover {
  cursor: pointer;
}

.c17 > div {
  font-family: Inter,sans-serif;
  font-size: 1rem;
  line-height: 1.5rem;
  font-weight: 600;
  font-style: normal;
}

.c17 > div svg {
  margin-right: 0.25rem;
}

.c17 > div {
  color: #4475E3;
}

.c17 > div svg {
  fill: #4475E3;
}

.c17:hover:enabled > div {
  color: #2F65E0;
}

.c17:hover:enabled > div svg {
  fill: #2F65E0;
}

.c17:hover:enabled:active > div {
  color: #2057D5;
}

.c17:hover:enabled:active > div svg {
  fill: #2057D5;
}

.c17:disabled > div {
  color: #B3C6F1;
}

.c17:disabled > div svg {
  fill: #B3C6F1;
}

.c17:focus-visible {
  outline: 0.125rem solid #C7D6F7;
}

.c17:focus-visible > div {
  color: #4475E3;
}

.c17:focus-visible > div svg {
  fill: #4475E3;
}

.c3 {
  position: relative;
  z-index: 2;
  display: -webkit-box;
  display: -webkit-flex;
  display: -ms-flexbox;
  display: flex;
  -webkit-box-pack: center;
  -webkit-justify-content: center;
  -ms-flex-pack: center;
  justify-content: center;
  -webkit-align-items: center;
  -webkit-box-align: center;
  -ms-flex-align: center;
  align-items: center;
  -webkit-transform: translate3d(0,0,0.0625rem);
  -ms-transform: translate3d(0,0,0.0625rem);
  transform: translate3d(0,0,0.0625rem);
}

.c14 {
  border-radius: 4.125rem;
  height: 8.875rem;
  -webkit-transition: opacity 300ms cubic-bezier(0.45,0.05,0,1);
  transition: opacity 300ms cubic-bezier(0.45,0.05,0,1);
  position: relative;
  background-color: transparent !important;
  opacity: 1;
}

.c14:hover {
  opacity: 1;
  box-shadow: 0 0.9375rem 1.25rem rgba(180,180,180,0.3);
  cursor: pointer;
}

.c14:hover:active {
  opacity: 1;
  box-shadow: 0 0.9375rem 1.25rem rgba(180,180,180,0.3);
  cursor: pointer;
  -webkit-filter: drop-shadow(0 0.9375rem 1.25rem rgba(180,180,180,0.3));
  filter: drop-shadow(0 0.9375rem 1.25rem rgba(180,180,180,0.3));
}

.c0 {
  width: 100%;
  height: 100%;
  background-color: #F7F8FA;
  display: -webkit-box;
  display: -webkit-flex;
  display: -ms-flexbox;
  display: flex;
  -webkit-align-items: center;
  -webkit-box-align: center;
  -ms-flex-align: center;
  align-items: center;
  -webkit-box-pack: center;
  -webkit-justify-content: center;
  -ms-flex-pack: center;
  justify-content: center;
  overflow: auto;
}

.c2 {
  margin-top: 5.9375rem;
  height: 5rem;
}

.c5 {
  min-width: 70rem;
  max-width: 70rem;
  color: #474747;
  display: -webkit-box;
  display: -webkit-flex;
  display: -ms-flexbox;
  display: flex;
  -webkit-flex-direction: column;
  -ms-flex-direction: column;
  flex-direction: column;
  -webkit-align-items: center;
  -webkit-box-align: center;
  -ms-flex-align: center;
  align-items: center;
  -webkit-box-pack: justify;
  -webkit-justify-content: space-between;
  -ms-flex-pack: justify;
  justify-content: space-between;
  padding-top: 2.125rem;
}

.c6 {
  display: -webkit-box;
  display: -webkit-flex;
  display: -ms-flexbox;
  display: flex;
  width: 100%;
  -webkit-box-pack: justify;
  -webkit-justify-content: space-between;
  -ms-flex-pack: justify;
  justify-content: space-between;
  -webkit-align-items: center;
  -webkit-box-align: center;
  -ms-flex-align: center;
  align-items: center;
  margin-bottom: 4.25rem;
  padding-top: 0.3125rem;
}

.c9 {
  display: -webkit-box;
  display: -webkit-flex;
  display: -ms-flexbox;
  display: flex;
  -webkit-box-pack: start;
  -webkit-justify-content: flex-start;
  -ms-flex-pack: start;
  justify-content: flex-start;
  -webkit-align-items: center;
  -webkit-box-align: center;
  -ms-flex-align: center;
  align-items: center;
}

.c10 {
  min-width: 70rem;
  max-width: 70rem;
  display: -webkit-box;
  display: -webkit-flex;
  display: -ms-flexbox;
  display: flex;
  overflow-x: hidden;
  margin-bottom: 1.875rem;
}

.c11 {
  display: -webkit-box;
  display: -webkit-flex;
  display: -ms-flexbox;
  display: flex;
  -webkit-box-pack: start;
  -webkit-justify-content: flex-start;
  -ms-flex-pack: start;
  justify-content: flex-start;
  -webkit-align-items: center;
  -webkit-box-align: center;
  -ms-flex-align: center;
  align-items: center;
  white-space: nowrap;
  -webkit-transform: translateX(0%);
  -ms-transform: translateX(0%);
  transform: translateX(0%);
  -webkit-transition: -webkit-transform 0.3s cubic-bezier(0.45,0.05,0,1);
  -webkit-transition: transform 0.3s cubic-bezier(0.45,0.05,0,1);
  transition: transform 0.3s cubic-bezier(0.45,0.05,0,1);
}

.c12 {
  min-width: 70rem;
  max-width: 70rem;
  display: -webkit-box;
  display: -webkit-flex;
  display: -ms-flexbox;
  display: flex;
  -webkit-flex-wrap: wrap;
  -ms-flex-wrap: wrap;
  flex-wrap: wrap;
  -webkit-box-pack: center;
  -webkit-justify-content: center;
  -ms-flex-pack: center;
  justify-content: center;
  -webkit-align-items: center;
  -webkit-box-align: center;
  -ms-flex-align: center;
  align-items: center;
  margin: auto;
  min-height: 27.25rem;
  row-gap: 1rem;
}

.c7 {
  font-family: Inter,sans-serif;
  font-size: 1.5rem;
  line-height: 2.0125rem;
  font-weight: 600;
  font-style: normal;
  margin-left: 2.5rem;
}

.c13 {
  position: relative;
  display: -webkit-box;
  display: -webkit-flex;
  display: -ms-flexbox;
  display: flex;
  -webkit-flex-direction: column;
  -ms-flex-direction: column;
  flex-direction: column;
  -webkit-align-items: center;
  -webkit-box-align: center;
  -ms-flex-align: center;
  align-items: center;
  width: 9rem;
  height: 14.1875rem;
  padding-top: 0.25rem;
  margin: 0 2.5rem 0.5rem;
}

.c15 {
  font-family: Inter,sans-serif;
  font-size: 1.125rem;
  line-height: 1.6875rem;
  font-weight: 400;
  font-style: normal;
  margin-top: 1.625rem;
  text-align: center;
  max-width: 9rem;
  display: block;
  display: -webkit-box;
  height: -webkit-fit-content;
  height: -moz-fit-content;
  height: fit-content;
  word-wrap: break-word;
  -webkit-line-clamp: 2;
  -webkit-box-orient: vertical;
  overflow: hidden;
  text-overflow: ellipsis;
  white-space: break-spaces;
}

.c16 {
  font-family: Inter,sans-serif;
  font-size: 0.875rem;
  line-height: 1.3125rem;
  font-weight: 400;
  font-style: normal;
  color: #4475E3;
}

<body>
  <div>
    <div
      class="c0"
    >
      <button
        aria-label="Previous Study"
        class="c1 c2"
        disabled=""
        fill="text"
        style="overflow: hidden; position: relative;"
        width="80"
      >
        <div
          class="c3"
          data-testid="content"
        >
          <svg />
        </div>
        <div
          class="c4"
          color="primaryLightPressed"
          opacity="1,1"
          scale="0"
          style="display: none; width: 0rem; height: 0rem; top: 0rem; left: 0rem;"
        />
      </button>
      <div
        class="c5"
      >
        <div
          class="c6"
        >
          <div
            class="c7"
          >
            Study Collection
          </div>
          <button
            class="c8"
            fill="text"
            width="246"
          >
            <div
              class="c3"
              data-testid="content"
            >
              <svg />
              Create Study
            </div>
          </button>
        </div>
        <div
          class="c9"
        >
          <div
            class="c10"
          >
            <div
              class="c11"
            >
              <div
                class="c12"
              >
                <div
                  class="c13"
                >
                  <div
                    class="c14"
                    color="secondarySkyBlue"
                  >
                    <svg
                      data-testid="avatar-icon"
                      fill="#00B0D7"
                    />
                  </div>
                  <div
                    class="c15"
                  >
                    Study 0
                  </div>
                </div>
                <div
                  class="c13"
                >
                  <div
                    class="c14"
                    color="secondarySkyBlue"
                  >
                    <svg
                      data-testid="avatar-icon"
                      fill="#00B0D7"
                    />
                  </div>
                  <div
                    class="c15"
                  >
                    Study 1
                  </div>
                </div>
                <div
                  class="c13"
                >
                  <div
                    class="c14"
                    color="secondarySkyBlue"
                  >
                    <svg
                      data-testid="avatar-icon"
                      fill="#00B0D7"
                    />
                  </div>
                  <div
                    class="c15"
                  >
                    Study 2
                  </div>
                </div>
                <div
                  class="c13"
                >
                  <div
                    class="c14"
                    color="secondarySkyBlue"
                  >
                    <svg
                      data-testid="avatar-icon"
                      fill="#00B0D7"
                    />
                  </div>
                  <div
                    class="c15"
                  >
                    Study 3
                  </div>
                </div>
                <div
                  class="c13"
                >
                  <div
                    class="c14"
                    color="secondarySkyBlue"
                  >
                    <svg
                      data-testid="avatar-icon"
                      fill="#00B0D7"
                    />
                  </div>
                  <div
                    class="c15"
                  >
                    Study 4
                  </div>
                </div>
                <div
                  class="c13"
                >
                  <div
                    class="c14"
                    color="secondarySkyBlue"
                  >
                    <svg
                      data-testid="avatar-icon"
                      fill="#00B0D7"
                    />
                  </div>
                  <div
                    class="c15"
                  >
                    Study 5
                  </div>
                </div>
                <div
                  class="c13"
                >
                  <div
                    class="c14"
                    color="secondarySkyBlue"
                  >
                    <svg
                      data-testid="avatar-icon"
                      fill="#00B0D7"
                    />
                  </div>
                  <div
                    class="c15"
                  >
                    Study 6
                  </div>
                </div>
                <div
                  class="c13"
                >
                  <div
                    class="c14"
                    color="secondarySkyBlue"
                  >
                    <svg
                      data-testid="avatar-icon"
                      fill="#00B0D7"
                    />
                  </div>
                  <div
                    class="c15"
                  >
                    Study 7
                  </div>
                </div>
                <div
                  class="c13"
                >
                  <div
                    class="c14"
                    color="secondarySkyBlue"
                  >
                    <svg
                      data-testid="avatar-icon"
                      fill="#00B0D7"
                    />
                  </div>
                  <div
                    class="c15"
                  >
                    Study 8
                  </div>
                </div>
                <div
                  class="c13"
                >
                  <div
                    class="c14"
                    color="secondarySkyBlue"
                  >
                    <svg
                      data-testid="avatar-icon"
                      fill="#00B0D7"
                    />
                  </div>
                  <div
                    class="c15"
                  >
                    Study 9
                  </div>
                </div>
              </div>
              <div
                class="c12"
              >
                <div
                  class="c13"
                >
                  <div
                    class="c14"
                    color="secondarySkyBlue"
                  >
                    <svg
                      data-testid="avatar-icon"
                      fill="#00B0D7"
                    />
                  </div>
                  <div
                    class="c15"
                  >
                    Study 10
                  </div>
                </div>
                <div
                  class="c13"
                >
                  <div
                    class="c14"
                    color="secondarySkyBlue"
                  >
                    <svg
                      data-testid="avatar-icon"
                      fill="#00B0D7"
                    />
                  </div>
                  <div
                    class="c15"
                  >
                    Study 11
                  </div>
                </div>
                <div
                  class="c13"
                >
                  <div
                    class="c14"
                    color="secondarySkyBlue"
                  >
                    <svg
                      data-testid="avatar-icon"
                      fill="#00B0D7"
                    />
                  </div>
                  <div
                    class="c15"
                  >
                    Study 12
                  </div>
                </div>
                <div
                  class="c13"
                >
                  <div
                    class="c14"
                    color="secondarySkyBlue"
                  >
                    <svg
                      data-testid="avatar-icon"
                      fill="#00B0D7"
                    />
                  </div>
                  <div
                    class="c15"
                  >
                    Study 13
                  </div>
                </div>
                <div
                  class="c13"
                >
                  <div
                    class="c14"
                    color="secondarySkyBlue"
                  >
                    <svg
                      data-testid="avatar-icon"
                      fill="#00B0D7"
                    />
                  </div>
                  <div
                    class="c15"
                  >
                    Study 14
                  </div>
                </div>
                <div
                  class="c13"
                >
                  <div
                    class="c14"
                    color="secondarySkyBlue"
                  >
                    <svg
                      data-testid="avatar-icon"
                      fill="#00B0D7"
                    />
                  </div>
                  <div
                    class="c15"
                  >
                    Study 15
                  </div>
                </div>
                <div
                  class="c13"
                >
                  <div
                    class="c14"
                    color="secondarySkyBlue"
                  >
                    <svg
                      data-testid="avatar-icon"
                      fill="#00B0D7"
                    />
                  </div>
                  <div
                    class="c15"
                  >
                    Study 16
                  </div>
                </div>
                <div
                  class="c13"
                >
                  <div
                    class="c14"
                    color="secondarySkyBlue"
                  >
                    <svg
                      data-testid="avatar-icon"
                      fill="#00B0D7"
                    />
                  </div>
                  <div
                    class="c15"
                  >
                    Study 17
                  </div>
                </div>
                <div
                  class="c13"
                >
                  <div
                    class="c14"
                    color="secondarySkyBlue"
                  >
                    <svg
                      data-testid="avatar-icon"
                      fill="#00B0D7"
                    />
                  </div>
                  <div
                    class="c15"
                  >
                    Study 18
                  </div>
                </div>
                <div
                  class="c13"
                >
                  <div
                    class="c14"
                    color="secondarySkyBlue"
                  >
                    <svg
                      data-testid="avatar-icon"
                      fill="#00B0D7"
                    />
                  </div>
                  <div
                    class="c15"
                  >
                    Study 19
                  </div>
                </div>
              </div>
            </div>
          </div>
        </div>
        <div
          class="c16"
        >
          10
           of
           
          20
        </div>
      </div>
      <button
        aria-label="Next Study"
        class="c17 c2"
        fill="text"
        style="overflow: hidden; position: relative;"
        width="80"
      >
        <div
          class="c3"
          data-testid="content"
        >
          <svg />
        </div>
        <div
          class="c4"
          color="primaryLightPressed"
          opacity="1,1"
          scale="0"
          style="display: none; width: 0rem; height: 0rem; top: 0rem; left: 0rem;"
        />
      </button>
    </div>
  </div>
</body>
`;
