// Jest Snapshot v1, https://goo.gl/fbAQLP

exports[`image-selection renderEditorContent should render editor content 1`] = `
.c17 {
  position: absolute;
  will-change: opacity,transform;
  border-radius: 50%;
  -webkit-animation: bykygw 600ms cubic-bezier(0.4,0,0.2,1) forwards;
  animation: bykygw 600ms cubic-bezier(0.4,0,0.2,1) forwards;
  z-index: 0;
  background-color: #E3EAFB;
  pointer-events: none;
}

.c15 {
  position: relative;
  z-index: 0;
  display: -webkit-box !important;
  display: -webkit-flex !important;
  display: -ms-flexbox !important;
  display: flex !important;
  -webkit-align-items: center;
  -webkit-box-align: center;
  -ms-flex-align: center;
  align-items: center;
  -webkit-box-pack: center;
  -webkit-justify-content: center;
  -ms-flex-pack: center;
  justify-content: center;
  border-radius: 0.25rem;
  width: 100%;
  white-space: nowrap;
  padding: 0;
  -webkit-transition-duration: 0;
  transition-duration: 0;
  -webkit-transition-property: background-color;
  transition-property: background-color;
  height: 1.5rem;
  width: 1.5rem;
  border: none;
  background-color: transparent;
}

.c15:hover {
  cursor: pointer;
}

.c15 > div {
  color: #4475E3;
}

.c15 > div svg {
  fill: #4475E3;
}

.c15:hover:enabled > div {
  color: #2F65E0;
}

.c15:hover:enabled > div svg {
  fill: #2F65E0;
}

.c15:hover:enabled:active > div {
  color: #2057D5;
}

.c15:hover:enabled:active > div svg {
  fill: #2057D5;
}

.c15:disabled > div {
  color: #B3C6F1;
}

.c15:disabled > div svg {
  fill: #B3C6F1;
}

.c15:focus-visible {
  outline: 0.125rem solid #C7D6F7;
}

.c15:focus-visible > div {
  color: #4475E3;
}

.c15:focus-visible > div svg {
  fill: #4475E3;
}

.c15:hover:enabled {
  background-color: #ECF1FC;
}

.c15:hover:enabled:active > div {
  color: #2057D5;
}

.c15:hover:enabled:active > div svg {
  fill: #2057D5;
}

.c15:focus-visible:enabled {
  background-color: #C7D6F7;
  outline: none;
}

.c16 {
  position: relative;
  z-index: 2;
  display: -webkit-box;
  display: -webkit-flex;
  display: -ms-flexbox;
  display: flex;
  -webkit-box-pack: center;
  -webkit-justify-content: center;
  -ms-flex-pack: center;
  justify-content: center;
  -webkit-align-items: center;
  -webkit-box-align: center;
  -ms-flex-align: center;
  align-items: center;
  -webkit-transform: translate3d(0,0,0.0625rem);
  -ms-transform: translate3d(0,0,0.0625rem);
  transform: translate3d(0,0,0.0625rem);
}

.c10 {
  -webkit-scrollbar-width: thin;
  -moz-scrollbar-width: thin;
  -ms-scrollbar-width: thin;
  scrollbar-width: thin;
  -webkit-scrollbar-color: #4475E3 #FFFFFF;
  -moz-scrollbar-color: #4475E3 #FFFFFF;
  -ms-scrollbar-color: #4475E3 #FFFFFF;
  scrollbar-color: #4475E3 #FFFFFF;
}

.c10::-webkit-scrollbar {
  width: 1.25rem;
  height: 1.25rem;
}

.c10::-webkit-scrollbar-track {
  background: #FFFFFF;
  border-radius: 0.25rem;
  margin: 0.0625rem 0;
}

.c10::-webkit-scrollbar-thumb {
  background-color: #4475E3;
  border-radius: 0.625rem;
  border: 0.5rem solid #FFFFFF;
  width: 0.25rem;
  min-height: 1.25rem;
}

.c11 {
  resize: none;
  -webkit-appearance: none;
  -moz-appearance: none;
  appearance: none;
  box-sizing: border-box;
  outline: none;
  width: 100%;
  padding: 0;
  margin: 0;
  border: none;
  background: #FFFFFF;
  overflow-y: auto;
  caret-color: #4475E3;
  overflow-x: hidden;
  font-family: Inter,sans-serif;
  font-size: 0.875rem;
  line-height: 1.3125rem;
  font-weight: 400;
  font-style: normal;
  color: #808080;
  min-height: 1.5rem;
}

.c0 {
  display: grid;
  grid-template-columns: repeat(2,11.375rem);
  gap: 1.5rem;
  position: relative;
}

.c5 {
  position: absolute;
  width: 100%;
  height: 100%;
  border: 0.0625rem solid #4475E3;
  border-radius: 0.25rem;
  overflow: hidden;
  display: -webkit-box;
  display: -webkit-flex;
  display: -ms-flexbox;
  display: flex;
  -webkit-align-items: center;
  -webkit-box-align: center;
  -ms-flex-align: center;
  align-items: center;
  -webkit-box-pack: center;
  -webkit-justify-content: center;
  -ms-flex-pack: center;
  justify-content: center;
  cursor: pointer;
}

.c5:before {
  content: '';
  width: 100%;
  height: 100%;
  position: absolute;
  background-color: #ECF1FC;
  opacity: 0.8;
}

.c7 {
  position: absolute;
  top: 0;
  left: 0;
  right: 0;
  bottom: 0;
  display: -webkit-box;
  display: -webkit-flex;
  display: -ms-flexbox;
  display: flex;
  -webkit-align-items: center;
  -webkit-box-align: center;
  -ms-flex-align: center;
  align-items: center;
  -webkit-box-pack: center;
  -webkit-justify-content: center;
  -ms-flex-pack: center;
  justify-content: center;
}

.c8 {
  cursor: pointer;
}

.c3 {
  display: -webkit-box;
  display: -webkit-flex;
  display: -ms-flexbox;
  display: flex;
  -webkit-align-items: center;
  -webkit-box-align: center;
  -ms-flex-align: center;
  align-items: center;
  -webkit-box-pack: center;
  -webkit-justify-content: center;
  -ms-flex-pack: center;
  justify-content: center;
  padding: 0;
  margin: 0;
  background-image: url(https://picsum.photos/200);
  background-size: cover;
  background-position: center;
  width: 9.375rem;
  height: 9rem;
  border-radius: 0.25rem;
  overflow: hidden;
  position: relative;
  background-color: #F7F8FA;
}

.c3 .c4 {
  opacity: 0;
  -webkit-transition: opacity 300ms cubic-bezier(0.45,0.05,0,1);
  transition: opacity 300ms cubic-bezier(0.45,0.05,0,1);
}

.c3 .c6 svg {
  opacity: 0;
  fill: #4475E3;
  position: relative;
  z-index: 1;
  pointer-events: none;
}

.c3:hover .c4 {
  opacity: 1;
}

.c3:hover .c6 svg {
  opacity: 1;
  fill: #4475E3;
}

.c19 {
  display: -webkit-box;
  display: -webkit-flex;
  display: -ms-flexbox;
  display: flex;
  -webkit-align-items: center;
  -webkit-box-align: center;
  -ms-flex-align: center;
  align-items: center;
  -webkit-box-pack: center;
  -webkit-justify-content: center;
  -ms-flex-pack: center;
  justify-content: center;
  padding: 0;
  margin: 0;
  background-image: none;
  background-size: cover;
  background-position: center;
  width: 9.375rem;
  height: 9rem;
  border-radius: 0.25rem;
  overflow: hidden;
  position: relative;
  background-color: rgba(219,219,219,0.2);
}

.c19 .c4 {
  opacity: 0;
  -webkit-transition: opacity 300ms cubic-bezier(0.45,0.05,0,1);
  transition: opacity 300ms cubic-bezier(0.45,0.05,0,1);
}

.c19 .c6 svg {
  opacity: 1;
  fill: #A1A1A1;
  position: relative;
  z-index: 1;
  pointer-events: none;
}

.c19:hover .c4 {
  opacity: 1;
}

.c19:hover .c6 svg {
  opacity: 1;
  fill: #4475E3;
}

.c9 {
  display: none;
}

.c2 {
  display: -webkit-box;
  display: -webkit-flex;
  display: -ms-flexbox;
  display: flex;
  -webkit-flex-direction: column;
  -ms-flex-direction: column;
  flex-direction: column;
  gap: 0.25rem;
  -webkit-align-items: stretch;
  -webkit-box-align: stretch;
  -ms-flex-align: stretch;
  align-items: stretch;
}

.c12 {
  height: 2.625rem;
  overflow: hidden;
  width: 9.375rem;
  color: #474747;
}

.c12::-webkit-input-placeholder {
  color: #474747;
}

.c12::-moz-placeholder {
  color: #474747;
}

.c12:-ms-input-placeholder {
  color: #474747;
}

.c12::placeholder {
  color: #474747;
}

.c20 {
  height: 2.625rem;
  overflow: hidden;
  width: 9.375rem;
  color: #474747;
}

.c20::-webkit-input-placeholder {
  color: #474747;
}

.c20::-moz-placeholder {
  color: #474747;
}

.c20:-ms-input-placeholder {
  color: #474747;
}

.c20::placeholder {
  color: #474747;
}

.c20::-webkit-input-placeholder {
  color: #A1A1A1;
}

.c20::-moz-placeholder {
  color: #A1A1A1;
}

.c20:-ms-input-placeholder {
  color: #A1A1A1;
}

.c20::placeholder {
  color: #A1A1A1;
}

.c14 {
  display: -webkit-box;
  display: -webkit-flex;
  display: -ms-flexbox;
  display: flex;
  -webkit-flex-direction: column;
  -ms-flex-direction: column;
  flex-direction: column;
  gap: 0.5rem;
}

.c1 {
  display: -webkit-box;
  display: -webkit-flex;
  display: -ms-flexbox;
  display: flex;
  gap: 0.5rem;
  width: 11.375rem;
  opacity: 1;
}

.c1 .c13 {
  opacity: 0;
}

.c1:hover .c13 {
  opacity: 1;
}

.c18 {
  display: -webkit-box;
  display: -webkit-flex;
  display: -ms-flexbox;
  display: flex;
  gap: 0.5rem;
  width: 11.375rem;
  opacity: 1;
}

.c18 .c13 {
  opacity: 0;
}

.c18:hover .c13 {
  opacity: 0;
}

<body>
  <div>
    <div
      class="c0"
    >
      <div
        class="c1"
      >
        <div
          class="c2"
        >
          <label
            class="c3"
            data-testid="label-image"
            height="144"
            src="https://picsum.photos/200"
            width="150"
          >
            <div
              class="c4 c5"
              data-testid="backdrop"
            />
            <div
              class="c6 c7 c8"
            >
              <svg />
            </div>
            <input
              accept="image/*"
              class="c9"
              data-testid="file-input"
              type="file"
            />
          </label>
          <textarea
            class=" c10 c11 c12"
            maxlength="20"
            placeholder="Add label"
            rows="1"
          >
            Label 1
          </textarea>
        </div>
        <div
          class="c13 c14"
        >
          <button
            aria-label="Drag and Drop Item"
            class="c15"
            fill="text"
            style="overflow: hidden; position: relative;"
          >
            <div
              class="c16"
              data-testid="content"
            >
              <svg />
            </div>
            <div
              class="c17"
              color="primaryLightPressed"
              opacity="1,1"
              scale="0"
              style="display: none; width: 0rem; height: 0rem; top: 0rem; left: 0rem;"
            />
          </button>
          <button
            aria-label="Delete Item"
            class="c15"
            fill="text"
            style="overflow: hidden; position: relative;"
          >
            <div
              class="c16"
              data-testid="content"
            >
              <svg />
            </div>
            <div
              class="c17"
              color="primaryLightPressed"
              opacity="1,1"
              scale="0"
              style="display: none; width: 0rem; height: 0rem; top: 0rem; left: 0rem;"
            />
          </button>
        </div>
      </div>
      <div
        class="c1"
      >
        <div
          class="c2"
        >
          <label
            class="c3"
            data-testid="label-image"
            height="144"
            src="https://picsum.photos/200"
            width="150"
          >
            <div
              class="c4 c5"
              data-testid="backdrop"
            />
            <div
              class="c6 c7 c8"
            >
              <svg />
            </div>
            <input
              accept="image/*"
              class="c9"
              data-testid="file-input"
              type="file"
            />
          </label>
          <textarea
            class=" c10 c11 c12"
            maxlength="20"
            placeholder="Add label"
            rows="1"
          >
            Label 2
          </textarea>
        </div>
        <div
          class="c13 c14"
        >
          <button
            aria-label="Drag and Drop Item"
            class="c15"
            fill="text"
            style="overflow: hidden; position: relative;"
          >
            <div
              class="c16"
              data-testid="content"
            >
              <svg />
            </div>
            <div
              class="c17"
              color="primaryLightPressed"
              opacity="1,1"
              scale="0"
              style="display: none; width: 0rem; height: 0rem; top: 0rem; left: 0rem;"
            />
          </button>
          <button
            aria-label="Delete Item"
            class="c15"
            fill="text"
            style="overflow: hidden; position: relative;"
          >
            <div
              class="c16"
              data-testid="content"
            >
              <svg />
            </div>
            <div
              class="c17"
              color="primaryLightPressed"
              opacity="1,1"
              scale="0"
              style="display: none; width: 0rem; height: 0rem; top: 0rem; left: 0rem;"
            />
          </button>
        </div>
      </div>
      <div
        class="c18"
      >
        <div
          class="c2"
        >
          <label
            class="c19"
            data-testid="label-image"
            height="144"
            src=""
            width="150"
          >
            <div
              class="c4 c5"
              data-testid="backdrop"
            />
            <div
              class="c6 c7 c8"
            >
              <svg />
            </div>
            <input
              accept="image/*"
              class="c9"
              data-testid="file-input"
              type="file"
            />
          </label>
          <textarea
            class=" c10 c11 c20"
            maxlength="20"
            placeholder="Add label"
            rows="1"
          />
        </div>
      </div>
    </div>
  </div>
</body>
`;
